// Jest Snapshot v1, https://goo.gl/fbAQLP

exports[`periodical checking of updates given updater is enabled and configuration exists, when started renders 1`] = `
<body>
  <div>
    <div
      class="Notifications flex column align-flex-end"
    />
  </div>
</body>
`;
